/temps/4IF16.html (3 hits)
/temps/3IF38.html (2 hits)
/temps/4IF19.html (2 hits)
/temps/precedent.gif (2 hits)
/temps/ (1 hits)
/temps/3IF37.html (1 hits)
/temps/4IF20.html (1 hits)
/temps/FondInsa.jpg (1 hits)
/temps/InsaIF.ico (1 hits)
/temps/choix.gif (1 hits)