L'option  -z n'est pas d√©finie 
Erreur d'execution : l'option n'est pas reconnue