/stages/Listestage.php (1 hits)
/temps/3IF38.html (1 hits)
/temps/3IF39.html (1 hits)
/SiteWebIF/Intranet-etudiant.php (0 hits)
/temps/3IF37.html (0 hits)