Dot-file graphe.dot generated.
/temps/4IF17.gif (2 hits)
/stages/Listestage.php (1 hits)
/temps/3IF38.js (1 hits)
/temps/4IF17.css (1 hits)
/temps/4IF19.jpg (1 hits)
/temps/4IF20.jpg (1 hits)
/temps/FondInsa.jpg (1 hits)
/temps/InsaIF.ico (1 hits)
/temps/precedent.gif (1 hits)
- (0 hits)