Dot-file graphe.dot generated.
/stages/Listestage.php (1 hits)
/SiteWebIF/Intranet-etudiant.php (0 hits)