Erreur : Param√®tre non valide pour l'option -t 
Erreur d'execution : l'option n'est pas reconnue