/temps/4IF16.html (3 hits)
/temps/3IF37.html (1 hits)
/temps/3IF38.html (1 hits)
/temps/FondInsa.jpg (1 hits)
/temps/3IF37 (0 hits)
